# 日志开始: 2026-09-12T00:24:41+08:00
# 主机: DESKTOP-VEFBU1J
# 用户: root


╔══════════════════════════════════════════════════════════════════════╗
║ 1. UDP 首部与校验和                                            ║
╚══════════════════════════════════════════════════════════════════════╝

── 1.1 静态事实：端口、长度字段的取值范围 ──────────────────────────────────────────
本实验用到的端口：
  正常监听端口 PORT_ECHO     = 9999
  故意空置端口 PORT_CLOSED   = 9998

[INFO] 知名端口（IANA 分配的 0-1023）示例：
  53   DNS      67/68 DHCP     69   TFTP
  123  NTP      161   SNMP      514  syslog
  ★ UDP 长度字段 16 位 => 单个 UDP 报文最大 65535 字节（首部+数据）。
  ★ 它是冗余的（IP 首部已有总长度），保留是为了 UDP 能自描述。

── 1.2 手算 UDP 校验和（本章最常考的计算） ──────────────────────────────────────────
[INFO] 在 client 容器里运行 udplab.py csum：
[udplab-client]$ python3 /lab/tools/udplab.py csum --src 172.31.10.10 --dst 172.31.11.1 --sport 4660 --dport 22136 --payload ABCDEF
========================================================================
UDP 校验和手工计算演示
========================================================================
源 IP      : 172.31.10.10  = AC1F0A0A
目的 IP    : 172.31.11.1  = AC1F0B01
协议号     : 17 (UDP)
UDP 长度   : 14  = 8(首部) + 6(数据)
源端口     : 4660  = 0x1234
目的端口   : 22136  = 0x5678
数据       : 41 42 43 44 45 46

--- 伪首部（12 字节，只参与计算，不会上线）---
  原始字节: AC 1F 0A 0A AC 1F 0B 01 00 11 00 0E
  源IP高16       0xAC1F
  源IP低16       0x0A0A
  目的IP高16      0xAC1F
  目的IP低16      0x0B01
  零+协议         0x0011
  UDP长度        0x000E

--- UDP 首部（校验和字段先置 0）---
  原始字节: 12 34 56 78 00 0E 00 00
  源端口=0x1234  目的端口=0x5678  长度=0x000E  校验和=0x0000

--- 逐项相加（1 的补码加法，进位回卷）---
  + 0xAC1F  ->  0xAC1F
  + 0x0A0A  ->  0xB629
  + 0xAC1F  ->  0x6249
  + 0x0B01  ->  0x6D4A
  + 0x0011  ->  0x6D5B
  + 0x000E  ->  0x6D69
  + 0x1234  ->  0x7F9D
  + 0x5678  ->  0xD615
  + 0x000E  ->  0xD623
  + 0x0000  ->  0xD623
  + 0x4142  ->  0x1766
  + 0x4344  ->  0x5AAA
  + 0x4546  ->  0x9FF0

  求和结果            : 0x9FF0
  取反（~acc & 0xFFFF）: 0x600F   <- 写入校验和字段

--- 验证 ---
  函数算出的校验和    : 0x600F
  接收方重算(含校验和): 0xFFFF  (期望 0xFFFF)
  若再取反得到        : 0x0000  (期望 0x0000)
  结论: 校验和正确，接收方会接受

★ 记住三点：
  1) 覆盖范围 = 伪首部 + UDP首部 + 数据；IP 首部本身不参与
  2) IPv4 中校验和可选（填 0 = 没算），IPv6 中强制
  3) 算出 0 要发 0xFFFF，因为 0 表示'未计算'

── 1.3 抓内核真正发出的字节流，逐字段解析 ──────────────────────────────────────────
[INFO] 先在 server 上开一个 UDP 监听（用 nc），并抓包：
  [udplab-server] 已启动 UDP 回显监听 :9999（30s 后自动退出）
[INFO] 抓包已启动: udplab-server/eth0 过滤='udp port 9999' pid=115
[INFO] client 发送一个 9 字节载荷的 UDP 报文，同时抓本地发出的包：
[udplab-client]$ python3 /lab/tools/udplab.py dump --src 172.31.10.10 --dst 172.31.11.1 --sport 40000 --dport 9999 --payload HELLO-UDP
========================================================================
UDP 首部逐字段解析（抓的是内核真正发出的字节）
========================================================================
$ send 172.31.10.10:40000 -> 172.31.11.1:9999  payload=9 字节

--- IP 首部（20 字节）---
  版本/IHL      : 4 / 5  (20 字节)
  总长度        : 37
  标识          : 0xD94F
  DF / MF       : DF=1  MF=0   <- DF=1 表示禁止分片
  片偏移        : 0 字节
  TTL           : 64
  协议          : 17  (17=UDP)  <- 伪首部里也用到这个值
  首部校验和    : 0xF42E
  源 IP         : 172.31.10.10
  目的 IP       : 172.31.11.1

--- UDP 首部（固定 8 字节）---
  字节 0-1  源端口   : 40000  (0x9C40)
  字节 2-3  目的端口 : 9999   (0x270F)
  字节 4-5  UDP长度  : 17     (0x0011)   = 8 + 9 字节数据
  字节 6-7  校验和   : 0x462F

  首部原始字节 (hex) : 9C 40 27 0F 00 11 46 2F
  首部原始字节 (bin) :
    byte[0] = 0x9C = 0b10011100
    byte[1] = 0x40 = 0b01000000
    byte[2] = 0x27 = 0b00100111
    byte[3] = 0x0F = 0b00001111
    byte[4] = 0x00 = 0b00000000
    byte[5] = 0x11 = 0b00010001
    byte[6] = 0x46 = 0b01000110
    byte[7] = 0x2F = 0b00101111

--- 点划线示意（对应课本 Figure 11.2）---
   0      7 8     15 16    23 24    31
  +--------+--------+--------+--------+
  |   源端口 40000|  目的端口 9999|
  +--------+--------+--------+--------+
  |  UDP长度 17   |  校验和 0x462F|
  +--------+--------+--------+--------+
  |            数据（9 字节）            |
  +-----------------------------------+

--- 校验和核对 ---
  报文里的校验和: 0x462F
  本地重算      : 0xFFFF
  结论: 不一致 ❌ (可能被网卡卸载改了)

--- 数据部分（hex + ASCII）---
  48 45 4C 4C 4F 2D 55 44 50
  HELLO-UDP
[ OK ] 抓包已保存: capture/10-header.pcap（4 行文本 -> capture/10-header.txt）

[INFO] server 收到的内容（nc 写出的原始数据）：
[server] UDP 回显已启动 0.0.0.0:9999  (最长运行 30.0s)
[server] SO_RCVBUF = 212992
[server] #1    收到     9 字节 来自 172.31.10.10:40000  内容='HELLO-UDP'

[INFO] 抓包文本（注意 UDP 行的 length 与 cksum 字段）：
2026-09-12 00:24:49.018778 1a:ea:9e:59:83:5d > 1e:72:bf:20:9d:e5, ethertype IPv4 (0x0800), length 51: (tos 0x0, ttl 63, id 55631, offset 0, flags [DF], proto UDP (17), length 37)
    172.31.10.10.40000 > 172.31.11.1.9999: [udp sum ok] UDP, length 9
2026-09-12 00:24:49.018987 1e:72:bf:20:9d:e5 > 1a:ea:9e:59:83:5d, ethertype IPv4 (0x0800), length 51: (tos 0x0, ttl 64, id 52240, offset 0, flags [DF], proto UDP (17), length 37)
    172.31.11.1.9999 > 172.31.10.10.40000: [udp sum ok] UDP, length 9

── 1.4 校验和错误会怎样？ ──────────────────────────────────────────
[INFO] 发送一个校验和故意写错的报文（客户端用 raw socket 自拼首部）：
  [udplab-server] 已启动 UDP 回显监听 :9999（12s 后自动退出）
[udplab-client]$ python3 /lab/tools/udplab.py sendraw --src 172.31.10.10 --dst 172.31.11.1 --sport 40002 --dport 9999 --size 16 --bad-checksum
RAW 发送: 172.31.10.10:40002 -> 172.31.11.1:9999
  payload=16  UDP总长=24  IP总长=44
  DF=1  片偏移=0字节  标识=0x1234
  UDP 校验和: 故意写错 (与正确值相差 0xFFFF)
  IP 首部 hex: 45 00 00 2C 12 34 40 00 40 11 BB 43 AC 1F 0A 0A AC 1F 0B 01
  UDP 首部 hex: 9C 42 27 0F 00 18 74 28
  已发出

[INFO] server 是否收到？
[server] UDP 回显已启动 0.0.0.0:9999  (最长运行 12.0s)
[server] SO_RCVBUF = 212992
[INFO] 上面若没有 '收到' 行，说明校验和错误的报文被内核静默丢弃了
  ★ 接收方校验失败会静默丢弃 —— UDP 不产生任何差错报文，也不通知发送方。
  ★ 所以“UDP 有校验和”只意味着能发现损坏，不意味着会告诉你。

── 1.5 校验和填 0 = 未计算（IPv4 允许） ──────────────────────────────────────────
  [udplab-server] 已启动 UDP 回显监听 :9999（12s 后自动退出）
[udplab-client]$ python3 /lab/tools/udplab.py sendraw --src 172.31.10.10 --dst 172.31.11.1 --sport 40003 --dport 9999 --size 16 --no-checksum
RAW 发送: 172.31.10.10:40003 -> 172.31.11.1:9999
  payload=16  UDP总长=24  IP总长=44
  DF=1  片偏移=0字节  标识=0x1234
  UDP 校验和: 0x0000  <- 表示“发送方未计算”（IPv4 允许）
  IP 首部 hex: 45 00 00 2C 12 34 40 00 40 11 BB 43 AC 1F 0A 0A AC 1F 0B 01
  UDP 首部 hex: 9C 43 27 0F 00 18 00 00
  已发出
[INFO] server 收到情况：
[server] UDP 回显已启动 0.0.0.0:9999  (最长运行 12.0s)
[server] SO_RCVBUF = 212992
[server] #1    收到    16 字节 来自 172.31.10.10:40003  内容='abcdefghijklmnop'
  ★ 校验和为 0 时接收方按“发送方没有计算”处理，直接放行 —— 数据损坏无法发现。
  ★ IPv6 中 UDP 校验和是强制的，因为 IPv6 首部自己也没有校验和。

── 1.6 用 tcpdump -X 看十六进制转储 ──────────────────────────────────────────
[INFO] 抓包已启动: udplab-server/eth0 过滤='udp port 9999' pid=230
[udplab-client]$ python3 /lab/tools/udplab.py send --dst 172.31.11.1 --dport 9999 --size 20 --df 0
(已设置 IP_MTU_DISCOVER=0: DF=0 允许分片)
内核认定的路径 MTU = 1500
发送: payload=20  UDP总长=28  IP总长=48  DF=0 (允许分片)
sendto() 成功，返回 20
[ OK ] 抓包已保存: capture/10-hexdump.pcap（4 行文本 -> capture/10-hexdump.txt）

[INFO] 抓包文本（-X 风格的关键片段）：
  00:25:01.643636 IP 172.31.10.10.36834 > 172.31.11.1.9999: UDP, length 20
  	0x0000:  4500 0030 44d0 0000 3f11 c9a3 ac1f 0a0a  E..0D...?.......
  	0x0010:  ac1f 0b01 8fe2 270f 001c f489 4142 4344  ......'.....ABCD
  	0x0020:  4546 4748 494a 4b4c 4d4e 4f50 5152 5354  EFGHIJKLMNOPQRST

╔══════════════════════════════════════════════════════════════════════╗
║ 小结：UDP 首部                                                  ║
╚══════════════════════════════════════════════════════════════════════╝
  ┌────────────────┬──────────┬────────────────────────────────────┐
  │ 字段           │ 长度     │ 要点                               │
  ├────────────────┼──────────┼────────────────────────────────────┤
  │ 源端口         │ 16 位    │ 可为 0（不需要回程应答时）         │
  │ 目的端口       │ 16 位    │ 无效则回 ICMP 端口不可达           │
  │ UDP 长度       │ 16 位    │ 首部+数据；最小 8，最大 65535      │
  │ UDP 校验和     │ 16 位    │ 覆盖伪首部+首部+数据；0=未计算     │
  └────────────────┴──────────┴────────────────────────────────────┘

  ★ 校验和为什么要有伪首部：IP 层不校验自己的载荷，把 IP 地址纳入校验，
  ★ 才能在地址被损坏时发现（否则报文可能送到错误的主机）。
  ★ IPv4 可选 / IPv6 强制；算出 0 要写 0xFFFF。

日志: logs/10-udp-header.log
抓包: capture/10-header.pcap, capture/10-hexdump.pcap
