# 日志开始: 2026-09-12T00:25:05+08:00
# 主机: DESKTOP-VEFBU1J
# 用户: root


╔══════════════════════════════════════════════════════════════════════╗
║ 2. ICMP 端口不可达（Type 3 / Code 3）                         ║
╚══════════════════════════════════════════════════════════════════════╝

── 2.1 向一个没有任何进程监听的端口发 UDP ──────────────────────────────────────────
[INFO] 先在 client 上抓 ICMP，再向 server:9998 发一个 UDP 报文：
[INFO] 抓包已启动: udplab-client/eth0 过滤='icmp' pid=155
[udplab-client]$ python3 /lab/tools/udplab.py send --dst 172.31.11.1 --dport 9998 --size 24 --df 0
(已设置 IP_MTU_DISCOVER=0: DF=0 允许分片)
内核认定的路径 MTU = 1500
发送: payload=24  UDP总长=32  IP总长=52  DF=0 (允许分片)
sendto() 成功，返回 24
[ OK ] 抓包已保存: capture/20-port-unreach-client.pcap（4 行文本 -> capture/20-port-unreach-client.txt）

[INFO] client 本机抓到的 ICMP：
  2026-09-12 00:25:07.218036 b2:5c:9c:6d:17:e8 > 76:11:93:f9:89:16, ethertype IPv4 (0x0800), length 94: (tos 0xc0, ttl 63, id 61808, offset 0, flags [none], proto ICMP (1), length 80)
      172.31.11.1 > 172.31.10.10: ICMP 172.31.11.1 udp port 9998 unreachable, length 60
  	(tos 0x0, ttl 63, id 20054, offset 0, flags [none], proto UDP (17), length 52)
      172.31.10.10.42169 > 172.31.11.1.9998: [udp sum ok] UDP, length 24

── 2.2 解码 ICMP 差错报文内部结构 ──────────────────────────────────────────
[INFO] 用 raw socket 监听并解析（注意内嵌的原报文前 8 字节 = UDP 首部）：
[udplab-client]$ python3 /lab/tools/udplab.py icmpwatch --timeout 6
监听 ICMP 6.0s ……
------------------------------------------------------------------------
[udplab-client]$ python3 /lab/tools/udplab.py send --dst 172.31.11.1 --dport 9998 --size 24 --df 0
(已设置 IP_MTU_DISCOVER=0: DF=0 允许分片)
内核认定的路径 MTU = 1500
发送: payload=24  UDP总长=32  IP总长=52  DF=0 (允许分片)
sendto() 成功，返回 24
#1 来自 172.31.11.1  ICMP type=3 code=3 (Destination Unreachable)
     code 含义: PORT UNREACHABLE
     内嵌原包: 172.31.10.10 -> 172.31.11.1  proto=17 总长=52 标识=0x1AFA DF=0
     内嵌 UDP 首部(仅前8字节): 源端口=53913 目的端口=9998 长度=32 校验和=0x051D
     ★ 这就是为什么 ICMP 差错只带前 8 字节：刚好够定位端口

  ★ ICMP 差错报文格式：8 字节 ICMP 首部 + 原始 IP 首部 + 原始数据前 8 字节
  ★ 为什么是 8 字节？因为 UDP 首部就是 8 字节 —— 刚好够取出端口号
  ★ 如果原报文是 TCP，前 8 字节是源端口+目的端口+序号，也够用

── 2.3 关键对比：未 connect 的 UDP socket 收不到这个差错 ──────────────────────────────────────────
[INFO] 在 client 下发一个报文到不存在的端口，然后立刻尝试 recvfrom：
[udplab-client]$ bash -c 
python3 - <<PY
import socket, struct, time, errno
dst=("172.31.11.1", 9998)

# --- 情况 A：未 connect ---
a = socket.socket(socket.AF_INET, socket.SOCK_DGRAM)
a.bind(("172.31.10.10", 45000))
a.settimeout(2)
a.sendto(b"A"*16, dst)
print("A) 未 connect 的 socket 已发送")
time.sleep(1)
try:
    d,addr = a.recvfrom(2048)
    print("   recvfrom 收到:", d[:20], "来自", addr)
except OSError as e:
    print(f"   recvfrom 失败: [{e.errno}] {e.strerror}")
print("   -> 大多数实现里，未 connect 的 socket 会直接丢弃 ICMP 差错，")
print("      应用只能靠自己的超时机制判断（TFTP 就是这样）。")

# --- 情况 B：已 connect ---
b = socket.socket(socket.AF_INET, socket.SOCK_DGRAM)
b.bind(("172.31.10.10", 45001))
b.connect(dst)          # 只绑定对端，不发包
b.settimeout(2)
print()
print("B) 已 connect 的 socket")
b.send(b"B"*16)
time.sleep(1)
try:
    d,addr = b.recvfrom(2048)
    print("   recvfrom 收到:", d[:20])
except OSError as e:
    name = errno.errorcode.get(e.errno, "?")
    print(f"   recvfrom 失败: [{e.errno}] {name} {e.strerror}")
    if e.errno == errno.ECONNREFUSED:
        print("   -> ECONNREFUSED！内核把 ICMP 端口不可达翻译成了这个错误，")
        print("      因为它知道这个 socket 只跟那一个对端说话，能唯一对应。")
PY
A) 未 connect 的 socket 已发送
   recvfrom 失败: [None] None
   -> 大多数实现里，未 connect 的 socket 会直接丢弃 ICMP 差错，
      应用只能靠自己的超时机制判断（TFTP 就是这样）。

B) 已 connect 的 socket
   recvfrom 失败: [111] ECONNREFUSED Connection refused
   -> ECONNREFUSED！内核把 ICMP 端口不可达翻译成了这个错误，
      因为它知道这个 socket 只跟那一个对端说话，能唯一对应。

── 2.4 差错可以由路径上任意一台主机产生 ──────────────────────────────────────────
[INFO] 这次发到【路由器】上一个空置端口，看是否也回端口不可达：
[INFO] 抓包已启动: udplab-client/eth0 过滤='icmp' pid=221
[udplab-client]$ python3 /lab/tools/udplab.py send --dst 172.31.10.1 --dport 9998 --size 24 --df 0
(已设置 IP_MTU_DISCOVER=0: DF=0 允许分片)
内核认定的路径 MTU = 1500
发送: payload=24  UDP总长=32  IP总长=52  DF=0 (允许分片)
sendto() 成功，返回 24
[ OK ] 抓包已保存: capture/20-router-unreach.pcap（4 行文本 -> capture/20-router-unreach.txt）
  2026-09-12 00:25:27.627788 b2:5c:9c:6d:17:e8 > 76:11:93:f9:89:16, ethertype IPv4 (0x0800), length 94: (tos 0xc0, ttl 64, id 18305, offset 0, flags [none], proto ICMP (1), length 80)
      172.31.10.1 > 172.31.10.10: ICMP 172.31.10.1 udp port 9998 unreachable, length 60
  	(tos 0x0, ttl 64, id 62434, offset 0, flags [none], proto UDP (17), length 52)
      172.31.10.10.56966 > 172.31.10.1.9998: [udp sum ok] UDP, length 24
  ★ 任何收到 UDP 报文的主机，只要端口没进程监听，都会回这个 ICMP。
  ★ 所以“收到端口不可达”只说明那台主机活着且端口空着。

── 2.5 ICMP 差错报文的重要规则（顺带记住） ──────────────────────────────────────────
  · 不为 ICMP 差错报文本身再产生差错（避免无限循环）
  · 不为分片的非第一片产生差错（没有端口信息）
  · 不为目的地址是广播/多播的报文产生差错
  · 不为源地址不是单播的报文产生差错

  ★ 所以【在广播/多播上做 UDP 探测收不到任何错误反馈】——这也解释了
  ★ 为什么 DHCP、mDNS 这类协议必须靠超时而不是靠差错报文。

╔══════════════════════════════════════════════════════════════════════╗
║ 小结                                                               ║
╚══════════════════════════════════════════════════════════════════════╝
  1) UDP 自己不产生任何差错报文；差错来自 IP/ICMP 层
  2) ICMP 差错携带原报文前 8 字节，刚好够定位 UDP 端口
  3) 关联是否成功取决于 socket 状态（connect 与否）和系统选项
  4) 差错关联天生不可靠（一次 VS 多次请求无法区分）

日志: logs/20-port-unreachable.log
抓包: capture/20-port-unreach-client.pcap
