# 日志开始: 2026-09-12T00:25:31+08:00
# 主机: DESKTOP-VEFBU1J
# 用户: root


╔══════════════════════════════════════════════════════════════════════╗
║ 3. IP 分片                                                         ║
╚══════════════════════════════════════════════════════════════════════╝

── 3.1 先把数字算清楚 ──────────────────────────────────────────
  client eth0 MTU            = 1500
  router eth1 MTU（瓶颈）    = 1400

  从 1500 出发一个包，到 router eth1 时会按 1400 重新切分。

[INFO] 关键换算（IPv4，无选项）：
  一个 IP 包最多承载的数据 = MTU - 20(IP首部)
  其中 UDP 报文          = MTU - 20
  其中 UDP 载荷          = MTU - 20 - 8 = MTU - 28

  在 MTU=1400 的窄链路上：
    单个 IP 包最大        = 1400
    UDP 报文最大          = 1380
    UDP 载荷最大          = 1372   <- 超过它就会分片
  ★ 记住 1372 这个数：它是这条路径上“不分片的最大 UDP 载荷”。
[INFO] 在 client 上验证这个边界（ping 用 ICMP，但 MTU 计算方式完全相同）：
[udplab-client]$ bash -c echo '--- 载荷 1372 字节（= 1400 的 IP 包），DF=1 ---';   ping -c 1 -W 2 -M do -s 1372 172.31.11.1;   echo; echo '--- 载荷 1373 字节（比瓶颈大 1 字节），DF=1 ---';   ping -c 1 -W 2 -M do -s 1373 172.31.11.1
--- 载荷 1372 字节（= 1400 的 IP 包），DF=1 ---
PING 172.31.11.1 (172.31.11.1) 1372(1400) bytes of data.
1380 bytes from 172.31.11.1: icmp_seq=1 ttl=63 time=0.124 ms

--- 172.31.11.1 ping statistics ---
1 packets transmitted, 1 received, 0% packet loss, time 0ms
rtt min/avg/max/mdev = 0.124/0.124/0.124/0.000 ms

--- 载荷 1373 字节（比瓶颈大 1 字节），DF=1 ---
PING 172.31.11.1 (172.31.11.1) 1373(1401) bytes of data.
From 172.31.10.1 icmp_seq=1 Frag needed and DF set (mtu = 1400)

--- 172.31.11.1 ping statistics ---
1 packets transmitted, 0 received, +1 errors, 100% packet loss, time 0ms

  ^^^ 上面这条命令在 udplab-client 中执行失败（退出码非 0）
  ★ 第二条第 1 个字节就超了，路由器直接回 ICMP 并告诉你它的 MTU。

── 3.2 逐个尺寸观察分片结果（DF=0，允许分片） ──────────────────────────────────────────
[udplab-server]$ bash -c pkill -f '[n]c -u -l' 2>/dev/null; sleep 0.3; echo cleaned
cleaned
----------------------------------------------------------------------

[INFO] 载荷 100 字节：预期 IP 总长 = 128 字节
     => 小于 1372，可以整包通过，不分片
[INFO] 抓包已启动: udplab-server/eth0 过滤='udp or (ip[6:2] & 0x1fff != 0)' pid=291
  [udplab-server] 已启动 UDP 回显监听 :9999（12s 后自动退出）
[udplab-client]$ python3 /lab/tools/udplab.py send --dst 172.31.11.1 --dport 9999 --size 100 --df 0
(已设置 IP_MTU_DISCOVER=0: DF=0 允许分片)
内核认定的路径 MTU = 1400
发送: payload=100  UDP总长=108  IP总长=128  DF=0 (允许分片)
sendto() 成功，返回 100
[ OK ] 抓包已保存: capture/30-frag-100.pcap（4 行文本 -> capture/30-frag-100.txt）

[INFO] server 抓到的包（注意 IP 行的 flags 和 offset 字段）：
  2026-09-12 00:25:37.056977 1a:ea:9e:59:83:5d > 1e:72:bf:20:9d:e5, ethertype IPv4 (0x0800), length 142: (tos 0x0, ttl 63, id 25519, offset 0, flags [none], proto UDP (17), length 128)
  2026-09-12 00:25:37.057136 1e:72:bf:20:9d:e5 > 1a:ea:9e:59:83:5d, ethertype IPv4 (0x0800), length 142: (tos 0x0, ttl 64, id 58511, offset 0, flags [DF], proto UDP (17), length 128)

[INFO] server 应用层收到几条报文（分片已在终点 IP 层重组，应用只看到 1 条）：
1
----------------------------------------------------------------------

[INFO] 载荷 1372 字节：预期 IP 总长 = 1400 字节
     => 小于 1372，可以整包通过，不分片
[INFO] 抓包已启动: udplab-server/eth0 过滤='udp or (ip[6:2] & 0x1fff != 0)' pid=370
  [udplab-server] 已启动 UDP 回显监听 :9999（12s 后自动退出）
[udplab-client]$ python3 /lab/tools/udplab.py send --dst 172.31.11.1 --dport 9999 --size 1372 --df 0
(已设置 IP_MTU_DISCOVER=0: DF=0 允许分片)
内核认定的路径 MTU = 1400
发送: payload=1372  UDP总长=1380  IP总长=1400  DF=0 (允许分片)
sendto() 成功，返回 1372
[ OK ] 抓包已保存: capture/30-frag-1372.pcap（4 行文本 -> capture/30-frag-1372.txt）

[INFO] server 抓到的包（注意 IP 行的 flags 和 offset 字段）：
  2026-09-12 00:25:45.710710 1a:ea:9e:59:83:5d > 1e:72:bf:20:9d:e5, ethertype IPv4 (0x0800), length 1414: (tos 0x0, ttl 63, id 29008, offset 0, flags [none], proto UDP (17), length 1400)
  2026-09-12 00:25:45.710885 1e:72:bf:20:9d:e5 > 1a:ea:9e:59:83:5d, ethertype IPv4 (0x0800), length 1414: (tos 0x0, ttl 64, id 58648, offset 0, flags [DF], proto UDP (17), length 1400)

[INFO] server 应用层收到几条报文（分片已在终点 IP 层重组，应用只看到 1 条）：
1
----------------------------------------------------------------------

[INFO] 载荷 1380 字节：预期 IP 总长 = 1408 字节
     => 大于 1372，在 router eth1 上会被切成约 2 片
[INFO] 抓包已启动: udplab-server/eth0 过滤='udp or (ip[6:2] & 0x1fff != 0)' pid=449
  [udplab-server] 已启动 UDP 回显监听 :9999（12s 后自动退出）
[udplab-client]$ python3 /lab/tools/udplab.py send --dst 172.31.11.1 --dport 9999 --size 1380 --df 0
(已设置 IP_MTU_DISCOVER=0: DF=0 允许分片)
内核认定的路径 MTU = 1400
发送: payload=1380  UDP总长=1388  IP总长=1408  DF=0 (允许分片)
sendto() 成功，返回 1380
[ OK ] 抓包已保存: capture/30-frag-1380.pcap（8 行文本 -> capture/30-frag-1380.txt）

[INFO] server 抓到的包（注意 IP 行的 flags 和 offset 字段）：
  2026-09-12 00:25:54.391613 1a:ea:9e:59:83:5d > 1e:72:bf:20:9d:e5, ethertype IPv4 (0x0800), length 1410: (tos 0x0, ttl 63, id 61368, offset 0, flags [+], proto UDP (17), length 1396)
  2026-09-12 00:25:54.391615 1a:ea:9e:59:83:5d > 1e:72:bf:20:9d:e5, ethertype IPv4 (0x0800), length 46: (tos 0x0, ttl 63, id 61368, offset 1376, flags [none], proto UDP (17), length 32)
  2026-09-12 00:25:54.391751 1e:72:bf:20:9d:e5 > 1a:ea:9e:59:83:5d, ethertype IPv4 (0x0800), length 1410: (tos 0x0, ttl 64, id 59079, offset 0, flags [+], proto UDP (17), length 1396)
  2026-09-12 00:25:54.391758 1e:72:bf:20:9d:e5 > 1a:ea:9e:59:83:5d, ethertype IPv4 (0x0800), length 46: (tos 0x0, ttl 64, id 59079, offset 1376, flags [none], proto UDP (17), length 32)

[INFO] server 应用层收到几条报文（分片已在终点 IP 层重组，应用只看到 1 条）：
1
----------------------------------------------------------------------

[INFO] 载荷 1472 字节：预期 IP 总长 = 1500 字节
     => 大于 1372，在 router eth1 上会被切成约 2 片
[INFO] 抓包已启动: udplab-server/eth0 过滤='udp or (ip[6:2] & 0x1fff != 0)' pid=528
  [udplab-server] 已启动 UDP 回显监听 :9999（12s 后自动退出）
[udplab-client]$ python3 /lab/tools/udplab.py send --dst 172.31.11.1 --dport 9999 --size 1472 --df 0
(已设置 IP_MTU_DISCOVER=0: DF=0 允许分片)
内核认定的路径 MTU = 1400
发送: payload=1472  UDP总长=1480  IP总长=1500  DF=0 (允许分片)
sendto() 成功，返回 1472
[ OK ] 抓包已保存: capture/30-frag-1472.pcap（8 行文本 -> capture/30-frag-1472.txt）

[INFO] server 抓到的包（注意 IP 行的 flags 和 offset 字段）：
  2026-09-12 00:26:05.108170 1a:ea:9e:59:83:5d > 1e:72:bf:20:9d:e5, ethertype IPv4 (0x0800), length 1410: (tos 0x0, ttl 63, id 51899, offset 0, flags [+], proto UDP (17), length 1396)
  2026-09-12 00:26:05.108173 1a:ea:9e:59:83:5d > 1e:72:bf:20:9d:e5, ethertype IPv4 (0x0800), length 138: (tos 0x0, ttl 63, id 51899, offset 1376, flags [none], proto UDP (17), length 124)
  2026-09-12 00:26:05.108303 1e:72:bf:20:9d:e5 > 1a:ea:9e:59:83:5d, ethertype IPv4 (0x0800), length 1410: (tos 0x0, ttl 64, id 59092, offset 0, flags [+], proto UDP (17), length 1396)
  2026-09-12 00:26:05.108310 1e:72:bf:20:9d:e5 > 1a:ea:9e:59:83:5d, ethertype IPv4 (0x0800), length 138: (tos 0x0, ttl 64, id 59092, offset 1376, flags [none], proto UDP (17), length 124)

[INFO] server 应用层收到几条报文（分片已在终点 IP 层重组，应用只看到 1 条）：
1
----------------------------------------------------------------------

[INFO] 载荷 2000 字节：预期 IP 总长 = 2028 字节
     => 大于 1372，在 router eth1 上会被切成约 2 片
[INFO] 抓包已启动: udplab-server/eth0 过滤='udp or (ip[6:2] & 0x1fff != 0)' pid=607
  [udplab-server] 已启动 UDP 回显监听 :9999（12s 后自动退出）
[udplab-client]$ python3 /lab/tools/udplab.py send --dst 172.31.11.1 --dport 9999 --size 2000 --df 0
(已设置 IP_MTU_DISCOVER=0: DF=0 允许分片)
内核认定的路径 MTU = 1400
发送: payload=2000  UDP总长=2008  IP总长=2028  DF=0 (允许分片)
sendto() 成功，返回 2000
[ OK ] 抓包已保存: capture/30-frag-2000.pcap（8 行文本 -> capture/30-frag-2000.txt）

[INFO] server 抓到的包（注意 IP 行的 flags 和 offset 字段）：
  2026-09-12 00:26:13.743989 1a:ea:9e:59:83:5d > 1e:72:bf:20:9d:e5, ethertype IPv4 (0x0800), length 1410: (tos 0x0, ttl 63, id 9315, offset 0, flags [+], proto UDP (17), length 1396)
  2026-09-12 00:26:13.743991 1a:ea:9e:59:83:5d > 1e:72:bf:20:9d:e5, ethertype IPv4 (0x0800), length 666: (tos 0x0, ttl 63, id 9315, offset 1376, flags [none], proto UDP (17), length 652)
  2026-09-12 00:26:13.744146 1e:72:bf:20:9d:e5 > 1a:ea:9e:59:83:5d, ethertype IPv4 (0x0800), length 1410: (tos 0x0, ttl 64, id 60122, offset 0, flags [+], proto UDP (17), length 1396)
  2026-09-12 00:26:13.744154 1e:72:bf:20:9d:e5 > 1a:ea:9e:59:83:5d, ethertype IPv4 (0x0800), length 666: (tos 0x0, ttl 64, id 60122, offset 1376, flags [none], proto UDP (17), length 652)

[INFO] server 应用层收到几条报文（分片已在终点 IP 层重组，应用只看到 1 条）：
1
----------------------------------------------------------------------

[INFO] 载荷 4000 字节：预期 IP 总长 = 4028 字节
     => 大于 1372，在 router eth1 上会被切成约 3 片
[INFO] 抓包已启动: udplab-server/eth0 过滤='udp or (ip[6:2] & 0x1fff != 0)' pid=686
  [udplab-server] 已启动 UDP 回显监听 :9999（12s 后自动退出）
[udplab-client]$ python3 /lab/tools/udplab.py send --dst 172.31.11.1 --dport 9999 --size 4000 --df 0
(已设置 IP_MTU_DISCOVER=0: DF=0 允许分片)
内核认定的路径 MTU = 1400
发送: payload=4000  UDP总长=4008  IP总长=4028  DF=0 (允许分片)
sendto() 成功，返回 4000
[ OK ] 抓包已保存: capture/30-frag-4000.pcap（12 行文本 -> capture/30-frag-4000.txt）

[INFO] server 抓到的包（注意 IP 行的 flags 和 offset 字段）：
  2026-09-12 00:26:22.346617 1a:ea:9e:59:83:5d > 1e:72:bf:20:9d:e5, ethertype IPv4 (0x0800), length 1410: (tos 0x0, ttl 63, id 50878, offset 0, flags [+], proto UDP (17), length 1396)
  2026-09-12 00:26:22.346619 1a:ea:9e:59:83:5d > 1e:72:bf:20:9d:e5, ethertype IPv4 (0x0800), length 1410: (tos 0x0, ttl 63, id 50878, offset 1376, flags [+], proto UDP (17), length 1396)
  2026-09-12 00:26:22.346620 1a:ea:9e:59:83:5d > 1e:72:bf:20:9d:e5, ethertype IPv4 (0x0800), length 1290: (tos 0x0, ttl 63, id 50878, offset 2752, flags [none], proto UDP (17), length 1276)
  2026-09-12 00:26:22.346785 1e:72:bf:20:9d:e5 > 1a:ea:9e:59:83:5d, ethertype IPv4 (0x0800), length 1410: (tos 0x0, ttl 64, id 61570, offset 0, flags [+], proto UDP (17), length 1396)
  2026-09-12 00:26:22.346793 1e:72:bf:20:9d:e5 > 1a:ea:9e:59:83:5d, ethertype IPv4 (0x0800), length 1410: (tos 0x0, ttl 64, id 61570, offset 1376, flags [+], proto UDP (17), length 1396)
  2026-09-12 00:26:22.346796 1e:72:bf:20:9d:e5 > 1a:ea:9e:59:83:5d, ethertype IPv4 (0x0800), length 1290: (tos 0x0, ttl 64, id 61570, offset 2752, flags [none], proto UDP (17), length 1276)

[INFO] server 应用层收到几条报文（分片已在终点 IP 层重组，应用只看到 1 条）：
1

── 3.3 DF=1（禁止分片）时的行为对比 ──────────────────────────────────────────
[INFO] 同样发 2000 字节载荷，但这次把 DF 置 1：
[udplab-client]$ python3 /lab/tools/udplab.py icmpwatch --timeout 5
监听 ICMP 5.0s ……
------------------------------------------------------------------------
[udplab-client]$ python3 /lab/tools/udplab.py send --dst 172.31.11.1 --dport 9999 --size 2000 --df 1
(已设置 IP_MTU_DISCOVER=2: DF=1 禁止分片)
内核认定的路径 MTU = 1400
发送: payload=2000  UDP总长=2008  IP总长=2028  DF=1 (禁止分片)
sendto() 失败: [90] Message too long  <- EMSGSIZE(90) 说明本地出口 MTU 不够
没有收到 ICMP（可能被丢弃或未触发）
  ★ DF=1 时路由器【不能】分片，只能丢弃并回 ICMP 差错（下一节 PMTUD 的主角）。
  ★ 这正是“路径 MTU 发现”的原理：用 DF 位逼出真实路径 MTU。

── 3.4 分片的代价：字节数放大 + 丢包率放大 ──────────────────────────────────────────
[INFO] 先看接口计数器（分片会让“帧数”明显多于“报文数”）：

  [udplab-client]
    2: eth0@if107: <BROADCAST,MULTICAST,UP,LOWER_UP> mtu 1500 qdisc noqueue state UP mode DEFAULT group default 
        link/ether 76:11:93:f9:89:16 brd ff:ff:ff:ff:ff:ff link-netnsid 0
        RX:  bytes packets errors dropped  missed   mcast           
             15501      34      0       0       0       0 
        RX errors:  length    crc   frame    fifo overrun
                         0      0       0       0       0 
        TX:  bytes packets errors dropped carrier collsns           
             19360      41      0       0       0       0 
        TX errors: aborted   fifo  window heartbt transns
                         0      0       0       0       2 

  [udplab-server]
    2: eth0@if108: <BROADCAST,MULTICAST,UP,LOWER_UP> mtu 1400 qdisc noqueue state UP mode DEFAULT group default 
        link/ether 1e:72:bf:20:9d:e5 brd ff:ff:ff:ff:ff:ff link-netnsid 0
        RX:  bytes packets errors dropped  missed   mcast           
             18227      45      0       0       0       0 
        RX errors:  length    crc   frame    fifo overrun
                         0      0       0       0       0 
        TX:  bytes packets errors dropped carrier collsns           
             14805      34      0       0       0       0 
        TX errors: aborted   fifo  window heartbt transns
                         0      0       0       0       2 

[INFO] 定量对比：分别用 100 字节和 4000 字节载荷各发 200 个 UDP 报文
[INFO] 抓包已启动: udplab-server/eth0 过滤='ip' pid=771
[udplab-client]$ python3 /lab/tools/udplab.py flood --dst 172.31.11.1 --dport 9998 --count 200 --size 100
向 172.31.11.1:9998 连发 200 个 100 字节报文，间隔 0.0s
已发送 200 个（20000 字节），耗时 0.003s，约 63015 包/秒
[ OK ] 抓包已保存: capture/30-cost-100.pcap（424 行文本 -> capture/30-cost-100.txt）
  载荷 100 字节 × 200 个报文  =>  server 链路上看到 206 个 IP 包
[INFO] 抓包已启动: udplab-server/eth0 过滤='ip' pid=818
[udplab-client]$ python3 /lab/tools/udplab.py flood --dst 172.31.11.1 --dport 9998 --count 200 --size 4000
向 172.31.11.1:9998 连发 200 个 4000 字节报文，间隔 0.0s
已发送 200 个（800000 字节），耗时 0.006s，约 33638 包/秒
[ OK ] 抓包已保存: capture/30-cost-4000.pcap（1224 行文本 -> capture/30-cost-4000.txt）
  载荷 4000 字节 × 200 个报文  =>  server 链路上看到 606 个 IP 包

  ★ 载荷越大，一个 UDP 报文被切成的片越多，链路上的包数越多：
  ★   · 每片都要带一个 20 字节 IP 首部 => 带宽浪费
  ★   · 每片都是一次独立的丢包机会 => 整包成功率下降
  ★   例：6 片、每片丢包率 1% => 整包成功率 ≈ 0.99^6 ≈ 94%

  ★ 还有一个致命点：只有【第一片】带 UDP 首部（端口号），
  ★ 后续分片没有端口信息 => 防火墙/NAT 很难正确处理，
  ★ 所以工程上应尽量避免分片：应用层主动控制报文大小。

── 3.5 重组只发生在最终目的主机的 IP 层 ──────────────────────────────────────────
[INFO] 在【路由器】上抓包，可以看到进来时是大包、出去时已被切开：
[INFO] 抓包已启动: udplab-router/eth0 过滤='ip' pid=129
[INFO] 抓包已启动: udplab-router/eth1 过滤='ip' pid=155
[udplab-client]$ python3 /lab/tools/udplab.py send --dst 172.31.11.1 --dport 9999 --size 3000 --df 0
(已设置 IP_MTU_DISCOVER=0: DF=0 允许分片)
内核认定的路径 MTU = 1400
发送: payload=3000  UDP总长=3008  IP总长=3028  DF=0 (允许分片)
sendto() 成功，返回 3000
[ OK ] 抓包已保存: capture/30-router-in.pcap（10 行文本 -> capture/30-router-in.txt）
[ OK ] 抓包已保存: capture/30-router-out.pcap（10 行文本 -> capture/30-router-out.txt）

[INFO] router 入口 eth0（MTU 1500）看到的：
  2026-09-12 00:26:52.146856 76:11:93:f9:89:16 > b2:5c:9c:6d:17:e8, ethertype IPv4 (0x0800), length 1410: (tos 0x0, ttl 64, id 1613, offset 0, flags [+], proto UDP (17), length 1396)
  2026-09-12 00:26:52.146858 76:11:93:f9:89:16 > b2:5c:9c:6d:17:e8, ethertype IPv4 (0x0800), length 1410: (tos 0x0, ttl 64, id 1613, offset 1376, flags [+], proto UDP (17), length 1396)
  2026-09-12 00:26:52.146859 76:11:93:f9:89:16 > b2:5c:9c:6d:17:e8, ethertype IPv4 (0x0800), length 290: (tos 0x0, ttl 64, id 1613, offset 2752, flags [none], proto UDP (17), length 276)
  2026-09-12 00:26:52.146905 b2:5c:9c:6d:17:e8 > 76:11:93:f9:89:16, ethertype IPv4 (0x0800), length 590: (tos 0xc0, ttl 63, id 11711, offset 0, flags [none], proto ICMP (1), length 576)

[INFO] router 出口 eth1（MTU 1400）看到的：
  2026-09-12 00:26:52.146870 1a:ea:9e:59:83:5d > 1e:72:bf:20:9d:e5, ethertype IPv4 (0x0800), length 1410: (tos 0x0, ttl 63, id 1613, offset 0, flags [+], proto UDP (17), length 1396)
  2026-09-12 00:26:52.146871 1a:ea:9e:59:83:5d > 1e:72:bf:20:9d:e5, ethertype IPv4 (0x0800), length 1410: (tos 0x0, ttl 63, id 1613, offset 1376, flags [+], proto UDP (17), length 1396)
  2026-09-12 00:26:52.146872 1a:ea:9e:59:83:5d > 1e:72:bf:20:9d:e5, ethertype IPv4 (0x0800), length 290: (tos 0x0, ttl 63, id 1613, offset 2752, flags [none], proto UDP (17), length 276)
  2026-09-12 00:26:52.146902 1e:72:bf:20:9d:e5 > 1a:ea:9e:59:83:5d, ethertype IPv4 (0x0800), length 590: (tos 0xc0, ttl 64, id 11711, offset 0, flags [none], proto ICMP (1), length 576)
  ★ 入口 1 个包，出口变成多片 —— 但路由器【不重组】，只转发。
  ★ 如果路由器重组，就得为全网的半成品包保存状态，代价无法承受。

╔══════════════════════════════════════════════════════════════════════╗
║ 小结：分片                                                      ║
╚══════════════════════════════════════════════════════════════════════╝
  · 分片由 IP 层完成（发送主机或中间路由器），UDP 完全无感
  · 重组只在最终目的主机的 IP 层发生，且有超时（典型 30~60 秒）
  · 分片字段：标识(同一数据报共享) / MF / DF / 片偏移(单位 8 字节)
  · 任一片丢失 => 整个数据报被丢弃 => UDP 静默丢包
  · 只有第一片带端口号 => NAT/防火墙不友好
  · 工程结论：应用层主动控制报文大小，不要依赖 IP 分片

日志: logs/30-fragmentation.log
