# 日志开始: 2026-09-12T00:26:58+08:00
# 主机: DESKTOP-VEFBU1J
# 用户: root


╔══════════════════════════════════════════════════════════════════════╗
║ 4. 路径 MTU 发现（PMTUD）                                      ║
╚══════════════════════════════════════════════════════════════════════╝

── 4.1 出发前：主机只知道自己的网卡 MTU ──────────────────────────────────────────
[INFO] client 的出口 MTU 与 PMTU 情况：
[udplab-client]$ ip -br link show eth0
eth0@if107       UP             76:11:93:f9:89:16 <BROADCAST,MULTICAST,UP,LOWER_UP> 
[udplab-client]$ ip route get 172.31.11.1
172.31.11.1 via 172.31.10.1 dev eth0 src 172.31.10.10 uid 0 
    cache expires 517sec mtu 1400 
[udplab-client]$ bash -c sysctl net.ipv4.ip_no_pmtu_disc 2>/dev/null; \
  echo "ip_no_pmtu_disc=0 表示允许 PMTUD（默认）"
net.ipv4.ip_no_pmtu_disc = 0
ip_no_pmtu_disc=0 表示允许 PMTUD（默认）
[udplab-client]$ bash -c cat /proc/sys/net/ipv4/route/mtu_expires 2>/dev/null | \
  sed "s/^/PMTU缓存有效期(秒): /"
PMTU缓存有效期(秒): 600
  ★ 此时 client 只知道 eth0 是 1500，它【不知道】路径中间有 1400 的窄链路。

── 4.2 触发 PMTUD：撞墙 -> 收 ICMP -> 缩小重发 ──────────────────────────────────────────
[INFO] 步骤 1：先发一个【刚好能不超 1500】的报文（payload 1472），DF=1
[udplab-client]$ python3 /lab/tools/udplab.py send --dst 172.31.11.1 --dport 9998 --size 1472 --df 1
(已设置 IP_MTU_DISCOVER=2: DF=1 禁止分片)
内核认定的路径 MTU = 1400
发送: payload=1472  UDP总长=1480  IP总长=1500  DF=1 (禁止分片)
sendto() 失败: [90] Message too long  <- EMSGSIZE(90) 说明本地出口 MTU 不够

[INFO] 步骤 2：一边监听 ICMP，一边发一个超过 1400 的报文（payload 1400），DF=1
[INFO] 抓包已启动: udplab-client/eth0 过滤='icmp' pid=386
[udplab-client]$ python3 /lab/tools/udplab.py send --dst 172.31.11.1 --dport 9998 --size 1400 --df 1
(已设置 IP_MTU_DISCOVER=2: DF=1 禁止分片)
内核认定的路径 MTU = 1400
发送: payload=1400  UDP总长=1408  IP总长=1428  DF=1 (禁止分片)
sendto() 失败: [90] Message too long  <- EMSGSIZE(90) 说明本地出口 MTU 不够
[ OK ] 抓包已保存: capture/40-pmtud-icmp.pcap（0
0 行文本 -> capture/40-pmtud-icmp.txt）

[INFO] client 上解码到的 ICMP（注意 Next-Hop MTU 字段）：
  [udplab-client]$ python3 /lab/tools/udplab.py icmpwatch --timeout 6
  监听 ICMP 6.0s ……
  ------------------------------------------------------------------------
  没有收到 ICMP（可能被丢弃或未触发）

[INFO] 抓包文本：

[INFO] 步骤 3：看 client 的 PMTU 缓存是否被更新（mtu 字段）
[udplab-client]$ ip route get 172.31.11.1
172.31.11.1 via 172.31.10.1 dev eth0 src 172.31.10.10 uid 0 
    cache expires 504sec mtu 1400 
  ★ 如果 route get 的输出里出现 mtu 1400（或更小），说明 PMTUD 生效：
  ★ client 已把这条路径的 MTU 降到窄链路的大小，后续包会自动变小。

[INFO] 步骤 4：再用同样大小重发，这次应该成功（路由器不再丢弃）
  [udplab-server] 已启动 UDP 回显监听 :9999（15s 后自动退出）
[udplab-client]$ python3 /lab/tools/udplab.py send --dst 172.31.11.1 --dport 9999 --size 1400 --df 0
(已设置 IP_MTU_DISCOVER=0: DF=0 允许分片)
内核认定的路径 MTU = 1400
发送: payload=1400  UDP总长=1408  IP总长=1428  DF=0 (允许分片)
sendto() 成功，返回 1400
[INFO] server 应用层收到：
[server] UDP 回显已启动 0.0.0.0:9999  (最长运行 15.0s)
[server] SO_RCVBUF = 212992
[server] #1    收到  1400 字节 来自 172.31.10.10:53278  内容='ABCDEFGHIJKLMNOPQRSTUVWXYZABCDEFGHIJKLMN'

── 4.3 用 ping 二分找临界值（最实用的排查手法） ──────────────────────────────────────────
[INFO] ping -M do 就是设置 DF=1，逐步加大直到失败：
[udplab-client]$ bash -c 
for s in 1300 1372 1373 1400 1472; do
  if ping -c 1 -W 2 -M do -s $s 172.31.11.1 >/dev/null 2>&1; then
    printf "  -s %-5s (IP总长 %-5s)  通过 ✅\n" "$s" "$((s+28))"
  else
    printf "  -s %-5s (IP总长 %-5s)  失败 ❌  <- 超过路径 MTU\n" "$s" "$((s+28))"
  fi
done
  -s 1300  (IP总长 1328 )  通过 ✅
  -s 1372  (IP总长 1400 )  通过 ✅
  -s 1373  (IP总长 1401 )  失败 ❌  <- 超过路径 MTU
  -s 1400  (IP总长 1428 )  失败 ❌  <- 超过路径 MTU
  -s 1472  (IP总长 1500 )  失败 ❌  <- 超过路径 MTU
  ★ 临界点在 1372/1373 之间：1372+28 = 1400 = 窄链路 MTU。
  ★ ping 的 -s 是 ICMP 载荷，加 8 字节 ICMP 首部再加 20 字节 IP 首部，
  ★ 所以与 UDP 的换算一致：载荷上限 = MTU - 28。

[INFO] 看内核是怎么报错的（错误原因写在 ICMP 里）：
[udplab-client]$ ping -c 1 -W 2 -M do -s 1472 172.31.11.1
PING 172.31.11.1 (172.31.11.1) 1472(1500) bytes of data.
ping: local error: message too long, mtu=1400

--- 172.31.11.1 ping statistics ---
1 packets transmitted, 0 received, +1 errors, 100% packet loss, time 0ms

  ^^^ 上面这条命令在 udplab-client 中执行失败（退出码非 0）
  ★ 如果输出 'Frag needed and DF set (mtu = 1400)' —— PMTUD 工作正常。
  ★ 如果输出的是【超时无响应】而不是上面那句 —— 那就要怀疑黑洞了（下一节）。

── 4.4 制造 PMTUD 黑洞：把 ICMP 封掉会怎样 ──────────────────────────────────────────
  ★ 关键知识点：PMTU 缓存是按【目的地址】独立保存的。
  ★   对一个用过的目的地址，缓存里已记着 1400，内核会在本地就把大包
  ★   拦下（EMSGSIZE），根本发不出去 —— 反而看不出黑洞。
  ★   所以下面改用一个【从未访问过】的目的地址，让它重新走一遍 PMTUD。

[INFO] 对照组：ICMP 未被封时，用全新地址发超界包会怎样
  预期：sendto() 成功（内核以为是 1500），接着收到 ICMP 通知，
        然后 PMTU 缓存被改写成 1400 —— 这正是 PMTUD 的工作方式。
[INFO] 抓包已启动: udplab-client/eth0 过滤='icmp' pid=468
[udplab-client]$ python3 /lab/tools/udplab.py send --dst 172.31.11.77 --dport 9999 --size 1416 --df 1
(已设置 IP_MTU_DISCOVER=2: DF=1 禁止分片)
内核认定的路径 MTU = 1500
发送: payload=1416  UDP总长=1424  IP总长=1444  DF=1 (禁止分片)
sendto() 成功，返回 1416
[ OK ] 抓包已保存: capture/40-blackhole-before.pcap（4 行文本 -> capture/40-blackhole-before.txt）
  client 收到的 ICMP 通知：
    2026-09-12 00:27:24.622612 b2:5c:9c:6d:17:e8 > 76:11:93:f9:89:16, ethertype IPv4 (0x0800), length 590: (tos 0xc0, ttl 64, id 42965, offset 0, flags [none], proto ICMP (1), length 576)
        172.31.10.1 > 172.31.10.10: ICMP 172.31.11.77 unreachable - need to frag (mtu 1400), length 556

[INFO] 探测之后 172.31.11.77 的 PMTU 缓存：
[udplab-client]$ ip route get 172.31.11.77
172.31.11.77 via 172.31.10.1 dev eth0 src 172.31.10.10 uid 0 
    cache 

[INFO] 现在把 ICMP「需要分片」差错封掉（先清旧规则，保证可重复执行）：
已封堵 ICMP type3/code4，当前 OUTPUT 规则：
Chain OUTPUT (policy ACCEPT)
num  target     prot opt source               destination         
1    DROP       1    --  0.0.0.0/0            0.0.0.0/0            icmptype 3 code 4

[INFO] 换另一个同样没用过的地址 172.31.11.88，重放刚才那一幕：
  预期：sendto() 报【成功】（内核以为是 1500），
        但包在路由器上被丢弃，那条“请缩小到 1400”的通知再也回不来。
[INFO] 抓包已启动: udplab-client/eth0 过滤='icmp' pid=521
[udplab-client]$ python3 /lab/tools/udplab.py send --dst 172.31.11.88 --dport 9999 --size 1416 --df 1
(已设置 IP_MTU_DISCOVER=2: DF=1 禁止分片)
内核认定的路径 MTU = 1500
发送: payload=1416  UDP总长=1424  IP总长=1444  DF=1 (禁止分片)
sendto() 成功，返回 1416
[ OK ] 抓包已保存: capture/40-blackhole-after.pcap（0
0 行文本 -> capture/40-blackhole-after.txt）
  client 侧抓到的 ICMP：
    （零条 —— 通知被防火墙吞掉了，这就是黑洞）

[INFO] 再看 client 现在以为的路径 MTU（它还以为能发 1500，其实最大只有 1400）：
[udplab-client]$ ip route get 172.31.11.88
172.31.11.88 via 172.31.10.1 dev eth0 src 172.31.10.10 uid 0 
    cache 

[INFO] 同时验证小包仍然通（证明链路本身是好的，只有大包死）：
  [udplab-server] 已启动 UDP 回显监听 :9999（15s 后自动退出）
[udplab-client]$ python3 /lab/tools/udplab.py send --dst 172.31.11.1 --dport 9999 --size 100 --df 0
(已设置 IP_MTU_DISCOVER=0: DF=0 允许分片)
内核认定的路径 MTU = 1400
发送: payload=100  UDP总长=108  IP总长=128  DF=0 (允许分片)
sendto() 成功，返回 100
[INFO] 小包结果：
[server] UDP 回显已启动 0.0.0.0:9999  (最长运行 15.0s)
[server] SO_RCVBUF = 212992
[server] #1    收到   100 字节 来自 172.31.10.10:57339  内容='ABCDEFGHIJKLMNOPQRSTUVWXYZABCDEFGHIJKLMN'

  ★ 这就是 PMTUD 黑洞的完整样子（注意它的隐蔽性）：
  ★   1) 小包（不超过 1372 字节载荷）完全正常
  ★   2) 大包 sendto() 返回成功，应用以为发出去了
  ★   3) 实际被路由器丢弃，而那条缩小 MTU 的通知永远收不到
  ★   4) 应用只能看到：超时、卡住、没有任何明确报错
  ★   现实成因：防火墙/安全组把全部 ICMP 封了（企业网、云环境极常见）

[INFO] 清理时用循环删除，避免规则重复累积：
残留规则数: 0
[ OK ] 已恢复（黑洞规则全部清除）

── 4.5 对比：TCP 有兜底机制，UDP 没有 ──────────────────────────────────────────
[INFO] TCP 在握手时协商 MSS，并且在黑洞场景下有内核探测：
[udplab-client]$ bash -c echo -n "tcp_mtu_probing = "; \
  cat /proc/sys/net/ipv4/tcp_mtu_probing; \
  echo "(0=关闭, 1=仅在已启用PMTUD时探测, 2=总是探测)"
tcp_mtu_probing = 0
(0=关闭, 1=仅在已启用PMTUD时探测, 2=总是探测)

[INFO] MSS 是怎么算出来的（MTU - 20 IP - 20 TCP = 1460）：
  出口 MTU 1500  =>  MSS = 1460
  窄链路 MTU 1400 =>  MSS = 1360

[INFO] 演示 MSS Clamping：在 router 上自动把 MSS 压到路径 MTU 允许的值
[udplab-router]$ iptables -t mangle -A FORWARD -p tcp --tcp-flags SYN,RST SYN -j TCPMSS --clamp-mss-to-pmtu
[udplab-router]$ iptables -t mangle -L FORWARD -n --line-numbers
Chain FORWARD (policy ACCEPT)
num  target     prot opt source               destination         
1    TCPMSS     6    --  0.0.0.0/0            0.0.0.0/0            tcp flags:0x06/0x02 TCPMSS clamp to PMTU
[INFO] 在 server 上开一个 TCP 监听，client 连上去，看协商出来的 MSS：
[udplab-server]$ bash -c pkill -f '[n]c -l -p' 2>/dev/null;   nohup timeout 10 nc -l -p 8080 > /dev/null 2>&1 & sleep 0.5; echo ok
  ^^^ 上面这条命令在 udplab-server 中执行失败（退出码非 0）
[udplab-client]$ bash -c timeout 5 nc -v 172.31.11.1 8080 < /dev/null > /dev/null 2>&1;   sleep 0.5; ss -tin state established '( dport = :8080 )' | head -6
Recv-Q Send-Q Local Address:Port Peer Address:PortProcess

[INFO] 恢复：
[udplab-router]$ iptables -t mangle -D FORWARD -p tcp --tcp-flags SYN,RST SYN -j TCPMSS --clamp-mss-to-pmtu
[udplab-server]$ bash -c pkill -f '[n]c -l -p' 2>/dev/null; echo ok
ok
  ★ MSS Clamping 是 VPN/PPPoE 场景最常用的治本办法：让 TCP 一开始就不谈过大的段。
  ★ UDP 没有握手、没有 MSS 协商、没有重传，所以对 PMTUD 黑洞【完全没有兜底】——
  ★ 应用只能自己保守取值（DNS 传统上限 512 字节就是这个原因）。

── 4.6 工程上怎么处理（从治本到治标） ──────────────────────────────────────────
  1. 放行必要的 ICMP 差错报文（IPv4 类型3代码4 / IPv6 Type 2）——唯一正确做法
  2. 隧道/VPN 边界做 MSS Clamping，让 TCP 主动协商小段
  3. 在隧道接口上显式设置 MTU，例如: ip link set dev tun0 mtu 1400
  4. 开启内核兜底: sysctl -w net.ipv4.tcp_mtu_probing=1
  5. 应用层保守取值：UDP 载荷 <= 1200~1400；不可控网络按 512 设计

[INFO] 常见 MTU 对应的 UDP 安全载荷（IPv4）：
  ┌──────────────┬────────┬──────────────────┐
  │ 链路 MTU     │ IP头   │ 安全 UDP 载荷    │
  ├──────────────┼────────┼──────────────────┤
  │ 1500 以太网  │ 20     │ 1472             │
  │ 1492 PPPoE   │ 20     │ 1464             │
  │ 1400 隧道    │ 20     │ 1372             │
  │ 1280 IPv6最小│ 40     │ 1232             │
  └──────────────┴────────┴──────────────────┘

╔══════════════════════════════════════════════════════════════════════╗
║ 小结：PMTUD                                                       ║
╚══════════════════════════════════════════════════════════════════════╝
  · 原理：发 DF=1 的包试探 -> 撞墙收 ICMP(带 Next-Hop MTU) -> 缩小重发
  · 目的：把分片从中间路由器转移到端系统的“提前测量”，端到端避免分片
  · 依赖：ICMP 差错报文必须能回来；被封 => 黑洞（小包通、大包死、无报错）
  · IPv6 中 PMTUD 是强制的（中间路由器一律不分片，没有退路）
  · TCP 有 MSS 协商 + MTU 探测兜底；UDP 什么都没有

日志: logs/40-pmtud.log
抓包: capture/40-pmtud-icmp.pcap
