# 日志开始: 2026-09-12T00:27:46+08:00
# 主机: DESKTOP-VEFBU1J
# 用户: root


╔══════════════════════════════════════════════════════════════════════╗
║ 5. 端口、缓冲区与统计计数器                              ║
╚══════════════════════════════════════════════════════════════════════╝

── 5.1 端口范围与临时端口分配 ──────────────────────────────────────────

  [udplab-client]
    临时端口范围: 32768 - 60999

  [udplab-server]
    临时端口范围: 32768 - 60999

  端口划分：
    0     - 1023  知名端口（需 root，IANA 分配）
    1024  - 49151 已注册端口
    49152 - 65535 临时端口（客户端发起连接时随机分配）

[INFO] 观察一次 UDP 发送用了哪个临时端口（反复执行，看它是随机的）：
  ★ 端口是分用的依据：同一台主机上多个进程靠端口区分。
  ★ 完整标识一条 UDP“连接”需要四元组：(源IP,源端口,目的IP,目的端口)。

── 5.2 用 ss 观察 UDP socket ──────────────────────────────────────────
[INFO] 先起一个 UDP 监听（用自带的回显服务，日志可读）：
  [udplab-server] 已启动 UDP 回显监听 :9999（40s 后自动退出）
[udplab-server]$ ss -uanp
State  Recv-Q Send-Q Local Address:Port  Peer Address:PortProcess                          
UNCONN 0      0            0.0.0.0:9999       0.0.0.0:*    users:(("python3",pid=945,fd=3))
UNCONN 0      0         127.0.0.11:39914      0.0.0.0:*                                    

  ★ 注意：udpecho 由 docker exec -d 启动，父进程退出后它变成孤儿进程，
  ★ 但 socket 依然存在 —— 这也是 UDP 的特点：没有连接状态要维护。

[INFO] 对比 TCP：TCP 监听是 LISTEN，已建立连接是 ESTABLISHED，有状态机；
[INFO] UDP socket 只有 UNCONN（未连接）或 ESTAB（connect 过的）两种。
[INFO] 在 client 上做一个 connect 过的 UDP socket 看看：
[udplab-client]$ python3 -c 
import socket, subprocess, time
s = socket.socket(socket.AF_INET, socket.SOCK_DGRAM)
s.connect(('172.31.11.1', 9999))
s.send(b'hello')
print('    client 侧 ss 输出：')
print(subprocess.run(['ss','-uanp'], capture_output=True, text=True).stdout)
time.sleep(1)
s.close()

    client 侧 ss 输出：
State  Recv-Q Send-Q Local Address:Port  Peer Address:PortProcess
UNCONN 0      0         127.0.0.11:42328      0.0.0.0:*          
ESTAB  896    0       172.31.10.10:55259  172.31.11.1:9999 users:(("python3",pid=603,fd=3))


── 5.3 先记录统计计数器基线 ──────────────────────────────────────────
  [server] /proc/net/snmp 的 Udp 段：
    InDatagrams      = 12
    NoPorts          = 405
    InErrors         = 1
    OutDatagrams     = 12
    RcvbufErrors     = 0
    SndbufErrors     = 0
    InCsumErrors     = 1

  [client] /proc/net/snmp 的 Udp 段：
    InDatagrams      = 0
    NoPorts          = 10
    InErrors         = 0
    OutDatagrams     = 419
    RcvbufErrors     = 0
    SndbufErrors     = 0
    InCsumErrors     = 0

[INFO] netstat -su 的等价输出（server）：
Udp:
    12 packets received
    405 packets to unknown port received
    1 packet receive errors
    12 packets sent
    0 receive buffer errors
    0 send buffer errors
    InCsumErrors: 1
UdpLite:
IpExt:
    InOctets: 864506
    OutOctets: 23338
    InNoECTPkts: 843
  ★ 这些计数器就是排查 UDP 问题的入口：
  ★   InDatagrams 收到的报文数      NoPorts 因端口无人监听而丢弃
  ★   InErrors 各种接收错误         RcvbufErrors 接收缓冲区满导致的丢弃
  ★   InCsumErrors 校验和错误       OutDatagrams 发出的报文数

── 5.4 计数器实验一：端口不可达 ──────────────────────────────────────────
[INFO] 发 20 个报文到一个没人监听的端口，看 NoPorts 是否增加：
[udplab-client]$ python3 /lab/tools/udplab.py flood --dst 172.31.11.1 --dport 9998 --count 20 --size 64
向 172.31.11.1:9998 连发 20 个 64 字节报文，间隔 0.0s
已发送 20 个（1280 字节），耗时 0.000s，约 48970 包/秒

  [server] 变化后：
    InDatagrams      = 12
    NoPorts          = 425
    InErrors         = 1
    OutDatagrams     = 12
    RcvbufErrors     = 0
    SndbufErrors     = 0
    InCsumErrors     = 1
  ★ server 的 NoPorts 应该增加 —— 每个到达空置端口的报文都计入这个计数器。
  ★ 注意：server 收到报文并尝试投递，发现没有 socket 才丢弃；
  ★ 它回不回 ICMP 还取决于 ICMP 限速和是否有其他规则。

── 5.5 计数器实验二：接收缓冲区溢出（UDP 最真实的丢包原因） ──────────────────────────────────────────
[INFO] 起一个只设了很小 SO_RCVBUF 的接收端（内核还会翻倍并有下限，注意观察）：
  [udplab-server] 已启动 UDP 回显监听 :9999（30s 后自动退出）
[server] UDP 回显已启动 0.0.0.0:9999  (最长运行 30.0s)
[server] SO_RCVBUF = 16384

[INFO] 记录基线：
    InDatagrams      = 12
    NoPorts          = 425
    InErrors         = 1
    OutDatagrams     = 12
    RcvbufErrors     = 0
    SndbufErrors     = 0
    InCsumErrors     = 1

[INFO] client 以最快速度连发 20000 个 1024 字节报文：
[udplab-client]$ python3 /lab/tools/udplab.py flood --dst 172.31.11.1 --dport 9999 --count 20000 --size 1024
向 172.31.11.1:9999 连发 20000 个 1024 字节报文，间隔 0.0s
已发送 20000 个（20480000 字节），耗时 0.220s，约 90878 包/秒

  [server] 灌包之后：
    InDatagrams      = 10092
    NoPorts          = 425
    InErrors         = 9921
    OutDatagrams     = 10092
    RcvbufErrors     = 9920
    SndbufErrors     = 0
    InCsumErrors     = 1

  server 端应用实际收到（对比 20000）: 10080
  其中被内核记到 RcvbufErrors 的丢包数见上面的计数器

  ★ 这是 UDP 在生产环境里最常见的丢包原因：
  ★   应用来不及收 + 接收缓冲区太小 => 内核直接丢弃，
  ★   这些丢包连 ICMP 都没有，发送方【完全不知道】。
  ★   排查思路：netstat -su 的 RcvbufErrors 增长 + ss -uanm 看 Recv-Q。

[INFO] 查看 socket 队列（Recv-Q 表示已到达但应用还没取走的字节数）：
[udplab-server]$ ss -uanm
State  Recv-Q Send-Q Local Address:Port  Peer Address:PortProcess                                                
UNCONN 0      0            0.0.0.0:9999       0.0.0.0:*   
	 skmem:(r0,rb16384,t0,tb212992,f4096,w0,o0,bl0,d9920)
UNCONN 0      0         127.0.0.11:39914      0.0.0.0:*   
	 skmem:(r0,rb212992,t0,tb212992,f0,w0,o0,bl0,d0)     

── 5.6 计数器实验三：校验和错误 ──────────────────────────────────────────
[INFO] 发送一个校验和故意写错的报文，观察 InCsumErrors：
  [udplab-server] 已启动 UDP 回显监听 :9999（15s 后自动退出）
[udplab-client]$ python3 /lab/tools/udplab.py sendraw --src 172.31.10.10 --dst 172.31.11.1 --sport 40010 --dport 9999 --size 32 --bad-checksum
RAW 发送: 172.31.10.10:40010 -> 172.31.11.1:9999
  payload=32  UDP总长=40  IP总长=60
  DF=1  片偏移=0字节  标识=0x1234
  UDP 校验和: 故意写错 (与正确值相差 0xFFFF)
  IP 首部 hex: 45 00 00 3C 12 34 40 00 40 11 BB 33 AC 1F 0A 0A AC 1F 0B 01
  UDP 首部 hex: 9C 4A 27 0F 00 28 E9 CD
  已发出
    InDatagrams      = 10092
    NoPorts          = 425
    InErrors         = 9922
    OutDatagrams     = 10092
    RcvbufErrors     = 9920
    SndbufErrors     = 0
    InCsumErrors     = 2
  ★ InCsumErrors 增加 = 收到了报文但校验失败被丢弃。
  ★ 如果这个数很大，通常是网卡卸载、中间设备改包、或对端实现有 bug。

── 5.7 参考：内核可调参数 ──────────────────────────────────────────
  ┌────────────────────────────────────────┬──────────────────────────────┐
  │ 参数                                   │ 含义                         │
  ├────────────────────────────────────────┼──────────────────────────────┤
  │ net.core.rmem_default / rmem_max       │ 接收缓冲区默认/最大值        │
  │ net.core.wmem_default / wmem_max       │ 发送缓冲区默认/最大值        │
  │ net.ipv4.udp_mem                       │ UDP 全局内存压力阈值         │
  │ net.ipv4.udp_rmem_min / udp_wmem_min   │ 每个 socket 的最小保留内存   │
  │ net.ipv4.ip_local_port_range           │ 临时端口范围                 │
  │ net.ipv4.icmp_ratelimit / ratemask     │ ICMP 差错报文限速（本实验已关）│
  └────────────────────────────────────────┴──────────────────────────────┘

[INFO] 查看 udp_mem（三个数字：低水位 / 压力水位 / 硬上限，单位是页）：
[udplab-server]$ sysctl net.ipv4.udp_mem
[udplab-server]$ sysctl net.core.rmem_max net.core.rmem_default

╔══════════════════════════════════════════════════════════════════════╗
║ 小结：从协议到排查                                          ║
╚══════════════════════════════════════════════════════════════════════╝
  · 端口是分用依据；四元组标识一条 UDP 会话
  · UDP socket 无状态：UNCONN / ESTAB 两种，没有 TCP 那套状态机
  · 三种典型静默丢包及其计数器：
      端口无人监听  ->  Udp NoPorts      （可能伴随 ICMP 端口不可达）
      缓冲区满      ->  Udp RcvbufErrors （完全没有反馈）
      校验和错误    ->  Udp InCsumErrors
  · 排查三件套：netstat -su / ss -uanm / ip -s link

日志: logs/50-stats.log
